
> katulong@0.1.0 test:e2e
> npx playwright test

[2m[WebServer] [22m{"time":"2026-02-12T23:02:45.591Z","level":"warn","msg":"WARNING: KATULONG_NO_AUTH=1 — authentication is DISABLED. All requests are treated as authenticated. Do NOT use this in production or on untrusted networks."}

Running 196 tests using 8 workers

  ✓    1 [desktop] › test/e2e/fonts.e2e.js:9:3 › Font consistency › body computed font-family includes JetBrains Mono (277ms)
  ✓    9 [desktop] › test/e2e/fonts.e2e.js:16:3 › Font consistency › Modal headings (h3) inherit mono font (136ms)
  ✓   10 [desktop] › test/e2e/fonts.e2e.js:27:3 › Font consistency › Modal buttons inherit mono font (136ms)
  ✓   11 [desktop] › test/e2e/fonts.e2e.js:37:3 › Font consistency › Shortcut bar buttons use mono font (97ms)
  ✓    2 [desktop] › test/e2e/sessions-crud.e2e.js:12:3 › Session CRUD › Create session via modal (711ms)
  ✓   12 [desktop] › test/e2e/sessions.e2e.js:11:3 › Session manager modal › Opens when session button is clicked (153ms)
  ✓   14 [desktop] › test/e2e/sessions.e2e.js:15:3 › Session manager modal › New session input and create button are present (112ms)
  ✓   15 [desktop] › test/e2e/sessions.e2e.js:20:3 › Session manager modal › Clicking outside closes the modal (138ms)
  ✓   13 [desktop] › test/e2e/sessions-crud.e2e.js:41:3 › Session CRUD › Delete session via modal (376ms)
  ✘    5 [desktop] › test/e2e/clipboard.e2e.js:19:3 › Clipboard - Copy Buttons › should copy token value with feedback (1.1s)
  ✘    4 [desktop] › test/e2e/device-actions.e2e.js:20:3 › Device Actions - Optimistic Updates › should rename device with optimistic update (1.2s)
  ✘    6 [desktop] › test/e2e/connection-reliability.e2e.js:18:3 › Connection Reliability › should establish P2P connection on load (1.1s)
  ✘    3 [desktop] › test/e2e/devices.e2e.js:13:3 › LAN Device Management › should display LAN devices list with metadata (1.1s)
  ✘    8 [desktop] › test/e2e/lan-pairing-flow.e2e.js:16:3 › LAN Pairing Wizard Flow › should complete full pairing flow - trust step (1.2s)
  ✓   16 [desktop] › test/e2e/sessions.e2e.js:25:3 › Session manager modal › Session list shows current session with (current) tag (165ms)
  ✓   18 [desktop] › test/e2e/sessions.e2e.js:31:3 › Session manager modal › Session list shows alive status dot (251ms)
  ✓   19 [desktop] › test/e2e/settings.e2e.js:11:3 › Settings modal › Opens when gear icon is clicked (140ms)
  ✓   17 [desktop] › test/e2e/sessions-crud.e2e.js:76:3 › Session CRUD › Rename session via modal (630ms)
  ✓   20 [desktop] › test/e2e/settings.e2e.js:16:3 › Settings modal › Theme toggle has Auto, Light, and Dark buttons (205ms)
  ✓   26 [desktop] › test/e2e/sessions-crud.e2e.js:109:3 › Session CRUD › Switch session via URL (270ms)
  ✓   27 [desktop] › test/e2e/settings.e2e.js:23:3 › Settings modal › Theme toggle marks the active theme (251ms)
  ✓   29 [desktop] › test/e2e/settings.e2e.js:28:3 › Settings modal › Switching theme updates the active button (127ms)
  ✓   30 [desktop] › test/e2e/settings.e2e.js:34:3 › Settings modal › Logout button is visible (127ms)
  ✓   31 [desktop] › test/e2e/settings.e2e.js:40:3 › Settings modal › No Done button exists (110ms)
  ✓   32 [desktop] › test/e2e/settings.e2e.js:45:3 › Settings modal › Clicking outside closes the modal (203ms)
  ✘   23 [desktop] › test/e2e/devices.e2e.js:13:3 › LAN Device Management › should display LAN devices list with metadata (retry #1) (1.2s)
  ✘   25 [desktop] › test/e2e/lan-pairing-flow.e2e.js:16:3 › LAN Pairing Wizard Flow › should complete full pairing flow - trust step (retry #1) (1.2s)
  ✘   22 [desktop] › test/e2e/clipboard.e2e.js:19:3 › Clipboard - Copy Buttons › should copy token value with feedback (retry #1) (1.2s)
  ✘   24 [desktop] › test/e2e/connection-reliability.e2e.js:18:3 › Connection Reliability › should establish P2P connection on load (retry #1) (1.2s)
  ✘   21 [desktop] › test/e2e/device-actions.e2e.js:20:3 › Device Actions - Optimistic Updates › should rename device with optimistic update (retry #1) (1.2s)
  ✓   33 [desktop] › test/e2e/settings.e2e.js:50:3 › Settings modal › Logout button redirects to /login (694ms)
  ✓   28 [desktop] › test/e2e/sessions-crud.e2e.js:143:3 › Session CRUD › Session isolation — markers do not bleed across sessions (1.6s)
  ✓   34 [desktop] › test/e2e/settings.e2e.js:56:3 › Settings modal › Theme persists after reload (270ms)
  ✓   35 [desktop] › test/e2e/shortcuts.e2e.js:9:3 › Shortcuts popup › Clicking keyboard icon opens the shortcuts popup (144ms)
  ✓   36 [desktop] › test/e2e/terminal.e2e.js:11:3 › Terminal I/O › Shell prompt is visible after load (123ms)
  ✓   37 [desktop] › test/e2e/shortcuts.e2e.js:16:3 › Shortcuts popup › Shortcut buttons have visible text (no blank labels) (206ms)
  ✓   38 [desktop] › test/e2e/terminal.e2e.js:16:3 › Terminal I/O › Typed command produces visible output (238ms)
  ✓   44 [desktop] › test/e2e/shortcuts.e2e.js:29:3 › Shortcuts popup › Edit button is present in the footer (282ms)
  ✓   46 [desktop] › test/e2e/shortcuts.e2e.js:37:3 › Shortcuts popup › Closing the modal returns focus to terminal (151ms)
  ✓   45 [desktop] › test/e2e/terminal.e2e.js:25:3 › Terminal I/O › Multiple commands produce sequential output (442ms)
  ✓   47 [desktop] › test/e2e/shortcuts.e2e.js:51:3 › Shortcuts popup › Comma-separated sequence shortcut shows correct label (213ms)
  ✓   49 [desktop] › test/e2e/shortcuts.e2e.js:108:3 › Dictation modal › Long-pressing the terminal opens the dictation panel (105ms)
  ✓   50 [desktop] › test/e2e/shortcuts.e2e.js:132:3 › Joystick zone › Joystick is visible only on mobile (pointer: coarse) (86ms)
  ✓   48 [desktop] › test/e2e/terminal.e2e.js:41:3 › Terminal I/O › Buffer replays on page reload (359ms)
  ✓   52 [desktop] › test/e2e/toolbar.e2e.js:9:3 › Toolbar layout › P2P indicator dot is the first child of the shortcut bar (83ms)
  ✓   53 [desktop] › test/e2e/toolbar.e2e.js:14:3 › Toolbar layout › Session button is the second child (82ms)
  ✓   54 [desktop] › test/e2e/toolbar.e2e.js:19:3 › Toolbar layout › Esc button is present (84ms)
  ✘   41 [desktop] › test/e2e/clipboard.e2e.js:19:3 › Clipboard - Copy Buttons › should copy token value with feedback (retry #2) (1.1s)
  ✘   40 [desktop] › test/e2e/lan-pairing-flow.e2e.js:16:3 › LAN Pairing Wizard Flow › should complete full pairing flow - trust step (retry #2) (1.1s)
  ✘   42 [desktop] › test/e2e/device-actions.e2e.js:20:3 › Device Actions - Optimistic Updates › should rename device with optimistic update (retry #2) (1.1s)
  ✘   43 [desktop] › test/e2e/devices.e2e.js:13:3 › LAN Device Management › should display LAN devices list with metadata (retry #2) (1.1s)
  ✘   39 [desktop] › test/e2e/connection-reliability.e2e.js:18:3 › Connection Reliability › should establish P2P connection on load (retry #2) (1.1s)
  ✓   55 [desktop] › test/e2e/toolbar.e2e.js:24:3 › Toolbar layout › No arrow key buttons exist in the bar (126ms)
  ✓   56 [desktop] › test/e2e/toolbar.e2e.js:31:3 › Toolbar layout › Keyboard and settings icon buttons are present (98ms)
  ✓   57 [desktop] › test/e2e/toolbar.e2e.js:38:3 › Toolbar layout › Order: dot, session, spacer, Esc, Tab, keyboard, settings (118ms)
  ✘   51 [desktop] › test/e2e/tokens.e2e.js:9:3 › Setup Tokens › Create token - should appear in list immediately (1.1s)
